// Vitest Snapshot v1, https://vitest.dev/guide/snapshot.html

exports[`App > should match snapshot 1`] = `
"<div class="flex flex-col min-h-screen">
  <header class="flex justify-between items-center px-4 md:px-8 lg:px-28 py-4"><a href="/" class="rounded-md font-medium inline-flex items-center disabled:cursor-not-allowed aria-disabled:cursor-not-allowed disabled:opacity-75 aria-disabled:opacity-75 transition-colors text-sm gap-1.5 text-default hover:bg-elevated active:bg-elevated focus:outline-none focus-visible:bg-elevated hover:disabled:bg-transparent dark:hover:disabled:bg-transparent hover:aria-disabled:bg-transparent dark:hover:aria-disabled:bg-transparent p-1.5 cursor-pointer">
      <!--v-if--><img width="40" height="40" alt="Lystra logo" data-nuxt-img="" srcset="/_ipx/b_transparent&amp;fit_contain&amp;s_40x40/lystra-logo-light.svg 1x, /_ipx/b_transparent&amp;fit_contain&amp;s_80x80/lystra-logo-light.svg 2x" data-testid="logo" src="/_ipx/b_transparent&amp;fit_contain&amp;s_40x40/lystra-logo-light.svg">
      <h1 class="text-gray-900 dark:text-white text-lg font-bold">Lystra</h1>
      <!--v-if-->
    </a>
    <div class="flex items-center gap-1.5"><button type="button" aria-label="Switch to dark mode" data-testid="color-mode-toggle" class="rounded-md font-medium inline-flex items-center disabled:cursor-not-allowed aria-disabled:cursor-not-allowed disabled:opacity-75 aria-disabled:opacity-75 transition-colors text-sm gap-1.5 text-default hover:bg-elevated active:bg-elevated focus:outline-none focus-visible:bg-elevated hover:disabled:bg-transparent dark:hover:disabled:bg-transparent hover:aria-disabled:bg-transparent dark:hover:aria-disabled:bg-transparent p-1.5 cursor-pointer"><span class="iconify i-lucide:sun shrink-0 size-5" aria-hidden="true"></span>
        <!--v-if-->
        <!--v-if-->
      </button>
      <signed-out-stub></signed-out-stub>
      <signed-in-stub></signed-in-stub>
    </div>
  </header>
  <main class="flex-1">
    <section class="p-5">
      <div class="border boder-white border-collapse rounded-lg rounded-m pb-4">
        <div class="relative overflow-auto flex-1">
          <table class="min-w-full overflow-clip">
            <!--v-if-->
            <thead class="relative">
              <tr class="data-[selected=true]:bg-elevated/50">
                <th data-pinned="false" scope="col" class="px-4 py-3.5 text-sm text-highlighted text-left rtl:text-right font-semibold [&amp;:has([role=checkbox])]:pe-0">
                  <div class="relative flex items-start flex-row">
                    <div class="flex items-center h-5"><button aria-label="Select all" class="rounded-sm ring ring-inset ring-accented overflow-hidden focus-visible:outline-2 focus-visible:outline-offset-2 focus-visible:outline-primary size-4" id="v-0-0-0" role="checkbox" type="button" aria-checked="false" aria-required="false" data-state="unchecked">
                        <!---->
                        <!--v-if-->
                      </button></div>
                    <!--v-if-->
                  </div>
                </th>
                <th data-pinned="false" scope="col" class="px-4 py-3.5 text-sm text-highlighted text-left rtl:text-right font-semibold [&amp;:has([role=checkbox])]:pe-0">Item</th>
                <th data-pinned="false" scope="col" class="px-4 py-3.5 text-sm text-highlighted text-left rtl:text-right font-semibold [&amp;:has([role=checkbox])]:pe-0">
                  <div class="text-left">Price</div>
                </th>
                <th data-pinned="false" scope="col" class="px-4 py-3.5 text-sm text-highlighted text-left rtl:text-right font-semibold [&amp;:has([role=checkbox])]:pe-0">Link</th>
                <th data-pinned="false" scope="col" class="px-4 py-3.5 text-sm text-highlighted text-left rtl:text-right font-semibold [&amp;:has([role=checkbox])]:pe-0">Platform</th>
                <th data-pinned="false" scope="col" class="px-4 py-3.5 text-sm text-highlighted text-left rtl:text-right font-semibold [&amp;:has([role=checkbox])]:pe-0">Tags</th>
                <th data-pinned="false" scope="col" class="px-4 py-3.5 text-sm text-highlighted text-left rtl:text-right font-semibold [&amp;:has([role=checkbox])]:pe-0">Priority</th>
                <th data-pinned="false" scope="col" class="px-4 py-3.5 text-sm text-highlighted text-left rtl:text-right font-semibold [&amp;:has([role=checkbox])]:pe-0">Status</th>
                <th data-pinned="false" scope="col" class="px-4 py-3.5 text-sm text-highlighted text-left rtl:text-right font-semibold [&amp;:has([role=checkbox])]:pe-0">
                  <!---->
                </th>
              </tr>
              <tr class="absolute z-[1] left-0 w-full h-px bg-(--ui-border-accented)"></tr>
            </thead>
            <tbody class="divide-y divide-default [&amp;>tr]:data-[selectable=true]:hover:bg-elevated/50 [&amp;>tr]:data-[selectable=true]:focus-visible:outline-primary">
              <tr data-selected="false" data-selectable="true" data-expanded="false" role="button" tabindex="0" class="data-[selected=true]:bg-elevated/50">
                <td data-pinned="false" class="p-4 text-sm text-muted whitespace-nowrap [&amp;:has([role=checkbox])]:pe-0">
                  <div class="relative flex items-start flex-row">
                    <div class="flex items-center h-5"><button aria-label="Select row" class="rounded-sm ring ring-inset ring-accented overflow-hidden focus-visible:outline-2 focus-visible:outline-offset-2 focus-visible:outline-primary size-4" id="v-0-0-1" role="checkbox" type="button" aria-checked="false" aria-required="false" data-state="unchecked">
                        <!---->
                        <!--v-if-->
                      </button></div>
                    <!--v-if-->
                  </div>
                </td>
                <td data-pinned="false" class="p-4 text-sm text-muted whitespace-nowrap [&amp;:has([role=checkbox])]:pe-0">Placeholder Item</td>
                <td data-pinned="false" class="p-4 text-sm text-muted whitespace-nowrap [&amp;:has([role=checkbox])]:pe-0">
                  <div class="text-left font-medium">₱594.00</div>
                </td>
                <td data-pinned="false" class="p-4 text-sm text-muted whitespace-nowrap [&amp;:has([role=checkbox])]:pe-0">Placeholder Link</td>
                <td data-pinned="false" class="p-4 text-sm text-muted whitespace-nowrap [&amp;:has([role=checkbox])]:pe-0"><span class="font-medium inline-flex items-center text-xs px-2 py-1 gap-1 rounded-md bg-success/10 text-success ring ring-inset ring-success/25 capitalize"><!--v-if-->facebook<!--v-if--></span></td>
                <td data-pinned="false" class="p-4 text-sm text-muted whitespace-nowrap [&amp;:has([role=checkbox])]:pe-0"><span class="font-medium inline-flex items-center text-xs px-2 py-1 gap-1 rounded-md ring ring-inset ring-accented text-default bg-elevated capitalize"><!--v-if-->placeholder1<!--v-if--></span></td>
                <td data-pinned="false" class="p-4 text-sm text-muted whitespace-nowrap [&amp;:has([role=checkbox])]:pe-0"><span class="font-medium inline-flex items-center text-xs px-2 py-1 gap-1 rounded-md bg-success/10 text-success ring ring-inset ring-success/25 capitalize"><!--v-if-->low<!--v-if--></span></td>
                <td data-pinned="false" class="p-4 text-sm text-muted whitespace-nowrap [&amp;:has([role=checkbox])]:pe-0"><span class="font-medium inline-flex items-center text-xs px-2 py-1 gap-1 rounded-md bg-info/10 text-info ring ring-inset ring-info/25 capitalize"><!--v-if-->In Cart<!--v-if--></span></td>
                <td data-pinned="false" class="p-4 text-sm text-muted whitespace-nowrap [&amp;:has([role=checkbox])]:pe-0">
                  <div class="text-right"><button type="button" id="reka-dropdown-menu-trigger-v-0-0-2" aria-haspopup="menu" aria-expanded="false" data-state="closed" aria-label="Actions dropdown" class="rounded-md font-medium inline-flex items-center disabled:cursor-not-allowed aria-disabled:cursor-not-allowed disabled:opacity-75 aria-disabled:opacity-75 transition-colors text-sm gap-1.5 text-default hover:bg-elevated active:bg-elevated focus:outline-none focus-visible:bg-elevated hover:disabled:bg-transparent dark:hover:disabled:bg-transparent hover:aria-disabled:bg-transparent dark:hover:aria-disabled:bg-transparent p-1.5 ml-auto"><span class="iconify i-lucide:ellipsis-vertical shrink-0 size-5" aria-hidden="true"></span>
                      <!--v-if-->
                      <!--v-if-->
                    </button>
                    <!---->
                    <!--teleport start-->
                    <!--teleport end-->
                  </div>
                </td>
              </tr>
              <!--v-if-->
              <tr data-selected="false" data-selectable="true" data-expanded="false" role="button" tabindex="0" class="data-[selected=true]:bg-elevated/50">
                <td data-pinned="false" class="p-4 text-sm text-muted whitespace-nowrap [&amp;:has([role=checkbox])]:pe-0">
                  <div class="relative flex items-start flex-row">
                    <div class="flex items-center h-5"><button aria-label="Select row" class="rounded-sm ring ring-inset ring-accented overflow-hidden focus-visible:outline-2 focus-visible:outline-offset-2 focus-visible:outline-primary size-4" id="v-0-0-3" role="checkbox" type="button" aria-checked="false" aria-required="false" data-state="unchecked">
                        <!---->
                        <!--v-if-->
                      </button></div>
                    <!--v-if-->
                  </div>
                </td>
                <td data-pinned="false" class="p-4 text-sm text-muted whitespace-nowrap [&amp;:has([role=checkbox])]:pe-0">Placeholder Item</td>
                <td data-pinned="false" class="p-4 text-sm text-muted whitespace-nowrap [&amp;:has([role=checkbox])]:pe-0">
                  <div class="text-left font-medium">₱276.00</div>
                </td>
                <td data-pinned="false" class="p-4 text-sm text-muted whitespace-nowrap [&amp;:has([role=checkbox])]:pe-0">Placeholder Link</td>
                <td data-pinned="false" class="p-4 text-sm text-muted whitespace-nowrap [&amp;:has([role=checkbox])]:pe-0"><span class="font-medium inline-flex items-center text-xs px-2 py-1 gap-1 rounded-md bg-error/10 text-error ring ring-inset ring-error/25 capitalize"><!--v-if-->lazada<!--v-if--></span></td>
                <td data-pinned="false" class="p-4 text-sm text-muted whitespace-nowrap [&amp;:has([role=checkbox])]:pe-0"><span class="font-medium inline-flex items-center text-xs px-2 py-1 gap-1 rounded-md ring ring-inset ring-accented text-default bg-elevated capitalize"><!--v-if-->placeholder2<!--v-if--></span></td>
                <td data-pinned="false" class="p-4 text-sm text-muted whitespace-nowrap [&amp;:has([role=checkbox])]:pe-0"><span class="font-medium inline-flex items-center text-xs px-2 py-1 gap-1 rounded-md bg-warning/10 text-warning ring ring-inset ring-warning/25 capitalize"><!--v-if-->medium<!--v-if--></span></td>
                <td data-pinned="false" class="p-4 text-sm text-muted whitespace-nowrap [&amp;:has([role=checkbox])]:pe-0"><span class="font-medium inline-flex items-center text-xs px-2 py-1 gap-1 rounded-md bg-warning/10 text-warning ring ring-inset ring-warning/25 capitalize"><!--v-if-->Ordered<!--v-if--></span></td>
                <td data-pinned="false" class="p-4 text-sm text-muted whitespace-nowrap [&amp;:has([role=checkbox])]:pe-0">
                  <div class="text-right"><button type="button" id="reka-dropdown-menu-trigger-v-0-0-4" aria-haspopup="menu" aria-expanded="false" data-state="closed" aria-label="Actions dropdown" class="rounded-md font-medium inline-flex items-center disabled:cursor-not-allowed aria-disabled:cursor-not-allowed disabled:opacity-75 aria-disabled:opacity-75 transition-colors text-sm gap-1.5 text-default hover:bg-elevated active:bg-elevated focus:outline-none focus-visible:bg-elevated hover:disabled:bg-transparent dark:hover:disabled:bg-transparent hover:aria-disabled:bg-transparent dark:hover:aria-disabled:bg-transparent p-1.5 ml-auto"><span class="iconify i-lucide:ellipsis-vertical shrink-0 size-5" aria-hidden="true"></span>
                      <!--v-if-->
                      <!--v-if-->
                    </button>
                    <!---->
                    <!--teleport start-->
                    <!--teleport end-->
                  </div>
                </td>
              </tr>
              <!--v-if-->
              <tr data-selected="false" data-selectable="true" data-expanded="false" role="button" tabindex="0" class="data-[selected=true]:bg-elevated/50">
                <td data-pinned="false" class="p-4 text-sm text-muted whitespace-nowrap [&amp;:has([role=checkbox])]:pe-0">
                  <div class="relative flex items-start flex-row">
                    <div class="flex items-center h-5"><button aria-label="Select row" class="rounded-sm ring ring-inset ring-accented overflow-hidden focus-visible:outline-2 focus-visible:outline-offset-2 focus-visible:outline-primary size-4" id="v-0-0-5" role="checkbox" type="button" aria-checked="false" aria-required="false" data-state="unchecked">
                        <!---->
                        <!--v-if-->
                      </button></div>
                    <!--v-if-->
                  </div>
                </td>
                <td data-pinned="false" class="p-4 text-sm text-muted whitespace-nowrap [&amp;:has([role=checkbox])]:pe-0">Placeholder Item</td>
                <td data-pinned="false" class="p-4 text-sm text-muted whitespace-nowrap [&amp;:has([role=checkbox])]:pe-0">
                  <div class="text-left font-medium">₱315.00</div>
                </td>
                <td data-pinned="false" class="p-4 text-sm text-muted whitespace-nowrap [&amp;:has([role=checkbox])]:pe-0">Placeholder Link</td>
                <td data-pinned="false" class="p-4 text-sm text-muted whitespace-nowrap [&amp;:has([role=checkbox])]:pe-0"><span class="font-medium inline-flex items-center text-xs px-2 py-1 gap-1 rounded-md ring ring-inset ring-accented text-default bg-elevated capitalize"><!--v-if-->shopee<!--v-if--></span></td>
                <td data-pinned="false" class="p-4 text-sm text-muted whitespace-nowrap [&amp;:has([role=checkbox])]:pe-0"><span class="font-medium inline-flex items-center text-xs px-2 py-1 gap-1 rounded-md ring ring-inset ring-accented text-default bg-elevated capitalize"><!--v-if-->placeholder1<!--v-if--></span></td>
                <td data-pinned="false" class="p-4 text-sm text-muted whitespace-nowrap [&amp;:has([role=checkbox])]:pe-0"><span class="font-medium inline-flex items-center text-xs px-2 py-1 gap-1 rounded-md bg-error/10 text-error ring ring-inset ring-error/25 capitalize"><!--v-if-->high<!--v-if--></span></td>
                <td data-pinned="false" class="p-4 text-sm text-muted whitespace-nowrap [&amp;:has([role=checkbox])]:pe-0"><span class="font-medium inline-flex items-center text-xs px-2 py-1 gap-1 rounded-md bg-success/10 text-success ring ring-inset ring-success/25 capitalize"><!--v-if-->Delivered<!--v-if--></span></td>
                <td data-pinned="false" class="p-4 text-sm text-muted whitespace-nowrap [&amp;:has([role=checkbox])]:pe-0">
                  <div class="text-right"><button type="button" id="reka-dropdown-menu-trigger-v-0-0-6" aria-haspopup="menu" aria-expanded="false" data-state="closed" aria-label="Actions dropdown" class="rounded-md font-medium inline-flex items-center disabled:cursor-not-allowed aria-disabled:cursor-not-allowed disabled:opacity-75 aria-disabled:opacity-75 transition-colors text-sm gap-1.5 text-default hover:bg-elevated active:bg-elevated focus:outline-none focus-visible:bg-elevated hover:disabled:bg-transparent dark:hover:disabled:bg-transparent hover:aria-disabled:bg-transparent dark:hover:aria-disabled:bg-transparent p-1.5 ml-auto"><span class="iconify i-lucide:ellipsis-vertical shrink-0 size-5" aria-hidden="true"></span>
                      <!--v-if-->
                      <!--v-if-->
                    </button>
                    <!---->
                    <!--teleport start-->
                    <!--teleport end-->
                  </div>
                </td>
              </tr>
              <!--v-if-->
              <tr data-selected="false" data-selectable="true" data-expanded="false" role="button" tabindex="0" class="data-[selected=true]:bg-elevated/50">
                <td data-pinned="false" class="p-4 text-sm text-muted whitespace-nowrap [&amp;:has([role=checkbox])]:pe-0">
                  <div class="relative flex items-start flex-row">
                    <div class="flex items-center h-5"><button aria-label="Select row" class="rounded-sm ring ring-inset ring-accented overflow-hidden focus-visible:outline-2 focus-visible:outline-offset-2 focus-visible:outline-primary size-4" id="v-0-0-7" role="checkbox" type="button" aria-checked="false" aria-required="false" data-state="unchecked">
                        <!---->
                        <!--v-if-->
                      </button></div>
                    <!--v-if-->
                  </div>
                </td>
                <td data-pinned="false" class="p-4 text-sm text-muted whitespace-nowrap [&amp;:has([role=checkbox])]:pe-0">Placeholder Item</td>
                <td data-pinned="false" class="p-4 text-sm text-muted whitespace-nowrap [&amp;:has([role=checkbox])]:pe-0">
                  <div class="text-left font-medium">₱529.00</div>
                </td>
                <td data-pinned="false" class="p-4 text-sm text-muted whitespace-nowrap [&amp;:has([role=checkbox])]:pe-0">Placeholder Link</td>
                <td data-pinned="false" class="p-4 text-sm text-muted whitespace-nowrap [&amp;:has([role=checkbox])]:pe-0"><span class="font-medium inline-flex items-center text-xs px-2 py-1 gap-1 rounded-md ring ring-inset ring-accented text-default bg-elevated capitalize"><!--v-if-->tiktok<!--v-if--></span></td>
                <td data-pinned="false" class="p-4 text-sm text-muted whitespace-nowrap [&amp;:has([role=checkbox])]:pe-0"><span class="font-medium inline-flex items-center text-xs px-2 py-1 gap-1 rounded-md ring ring-inset ring-accented text-default bg-elevated capitalize"><!--v-if-->placeholder2<!--v-if--></span></td>
                <td data-pinned="false" class="p-4 text-sm text-muted whitespace-nowrap [&amp;:has([role=checkbox])]:pe-0"><span class="font-medium inline-flex items-center text-xs px-2 py-1 gap-1 rounded-md bg-error/10 text-error ring ring-inset ring-error/25 capitalize"><!--v-if-->high<!--v-if--></span></td>
                <td data-pinned="false" class="p-4 text-sm text-muted whitespace-nowrap [&amp;:has([role=checkbox])]:pe-0"><span class="font-medium inline-flex items-center text-xs px-2 py-1 gap-1 rounded-md bg-info/10 text-info ring ring-inset ring-info/25 capitalize"><!--v-if-->In Cart<!--v-if--></span></td>
                <td data-pinned="false" class="p-4 text-sm text-muted whitespace-nowrap [&amp;:has([role=checkbox])]:pe-0">
                  <div class="text-right"><button type="button" id="reka-dropdown-menu-trigger-v-0-0-8" aria-haspopup="menu" aria-expanded="false" data-state="closed" aria-label="Actions dropdown" class="rounded-md font-medium inline-flex items-center disabled:cursor-not-allowed aria-disabled:cursor-not-allowed disabled:opacity-75 aria-disabled:opacity-75 transition-colors text-sm gap-1.5 text-default hover:bg-elevated active:bg-elevated focus:outline-none focus-visible:bg-elevated hover:disabled:bg-transparent dark:hover:disabled:bg-transparent hover:aria-disabled:bg-transparent dark:hover:aria-disabled:bg-transparent p-1.5 ml-auto"><span class="iconify i-lucide:ellipsis-vertical shrink-0 size-5" aria-hidden="true"></span>
                      <!--v-if-->
                      <!--v-if-->
                    </button>
                    <!---->
                    <!--teleport start-->
                    <!--teleport end-->
                  </div>
                </td>
              </tr>
              <!--v-if-->
              <tr data-selected="false" data-selectable="true" data-expanded="false" role="button" tabindex="0" class="data-[selected=true]:bg-elevated/50">
                <td data-pinned="false" class="p-4 text-sm text-muted whitespace-nowrap [&amp;:has([role=checkbox])]:pe-0">
                  <div class="relative flex items-start flex-row">
                    <div class="flex items-center h-5"><button aria-label="Select row" class="rounded-sm ring ring-inset ring-accented overflow-hidden focus-visible:outline-2 focus-visible:outline-offset-2 focus-visible:outline-primary size-4" id="v-0-0-9" role="checkbox" type="button" aria-checked="false" aria-required="false" data-state="unchecked">
                        <!---->
                        <!--v-if-->
                      </button></div>
                    <!--v-if-->
                  </div>
                </td>
                <td data-pinned="false" class="p-4 text-sm text-muted whitespace-nowrap [&amp;:has([role=checkbox])]:pe-0">Placeholder Item</td>
                <td data-pinned="false" class="p-4 text-sm text-muted whitespace-nowrap [&amp;:has([role=checkbox])]:pe-0">
                  <div class="text-left font-medium">₱639.00</div>
                </td>
                <td data-pinned="false" class="p-4 text-sm text-muted whitespace-nowrap [&amp;:has([role=checkbox])]:pe-0">Placeholder Link</td>
                <td data-pinned="false" class="p-4 text-sm text-muted whitespace-nowrap [&amp;:has([role=checkbox])]:pe-0"><span class="font-medium inline-flex items-center text-xs px-2 py-1 gap-1 rounded-md ring ring-inset ring-accented text-default bg-elevated capitalize"><!--v-if-->temu<!--v-if--></span></td>
                <td data-pinned="false" class="p-4 text-sm text-muted whitespace-nowrap [&amp;:has([role=checkbox])]:pe-0"><span class="font-medium inline-flex items-center text-xs px-2 py-1 gap-1 rounded-md ring ring-inset ring-accented text-default bg-elevated capitalize"><!--v-if-->placeholder1<!--v-if--></span></td>
                <td data-pinned="false" class="p-4 text-sm text-muted whitespace-nowrap [&amp;:has([role=checkbox])]:pe-0"><span class="font-medium inline-flex items-center text-xs px-2 py-1 gap-1 rounded-md bg-success/10 text-success ring ring-inset ring-success/25 capitalize"><!--v-if-->low<!--v-if--></span></td>
                <td data-pinned="false" class="p-4 text-sm text-muted whitespace-nowrap [&amp;:has([role=checkbox])]:pe-0"><span class="font-medium inline-flex items-center text-xs px-2 py-1 gap-1 rounded-md ring ring-inset ring-accented text-default bg-elevated capitalize"><!--v-if-->Cancelled<!--v-if--></span></td>
                <td data-pinned="false" class="p-4 text-sm text-muted whitespace-nowrap [&amp;:has([role=checkbox])]:pe-0">
                  <div class="text-right"><button type="button" id="reka-dropdown-menu-trigger-v-0-0-10" aria-haspopup="menu" aria-expanded="false" data-state="closed" aria-label="Actions dropdown" class="rounded-md font-medium inline-flex items-center disabled:cursor-not-allowed aria-disabled:cursor-not-allowed disabled:opacity-75 aria-disabled:opacity-75 transition-colors text-sm gap-1.5 text-default hover:bg-elevated active:bg-elevated focus:outline-none focus-visible:bg-elevated hover:disabled:bg-transparent dark:hover:disabled:bg-transparent hover:aria-disabled:bg-transparent dark:hover:aria-disabled:bg-transparent p-1.5 ml-auto"><span class="iconify i-lucide:ellipsis-vertical shrink-0 size-5" aria-hidden="true"></span>
                      <!--v-if-->
                      <!--v-if-->
                    </button>
                    <!---->
                    <!--teleport start-->
                    <!--teleport end-->
                  </div>
                </td>
              </tr>
              <!--v-if-->
            </tbody>
            <!--v-if-->
          </table>
        </div>
        <div class="flex justify-center border-t border-default pt-4">
          <nav>
            <div class="flex items-center gap-1"><button type="button" disabled="" aria-label="First Page" class="rounded-md font-medium inline-flex items-center disabled:cursor-not-allowed aria-disabled:cursor-not-allowed disabled:opacity-75 aria-disabled:opacity-75 transition-colors text-sm gap-1.5 ring ring-inset ring-accented text-default bg-default hover:bg-elevated active:bg-elevated disabled:bg-default aria-disabled:bg-default focus:outline-none focus-visible:ring-2 focus-visible:ring-inverted p-1.5"><span class="iconify i-lucide:chevrons-left shrink-0 size-5" aria-hidden="true"></span>
                <!--v-if-->
                <!--v-if-->
              </button><button type="button" disabled="" aria-label="Previous Page" class="rounded-md font-medium inline-flex items-center disabled:cursor-not-allowed aria-disabled:cursor-not-allowed disabled:opacity-75 aria-disabled:opacity-75 transition-colors text-sm gap-1.5 ring ring-inset ring-accented text-default bg-default hover:bg-elevated active:bg-elevated disabled:bg-default aria-disabled:bg-default focus:outline-none focus-visible:ring-2 focus-visible:ring-inverted p-1.5"><span class="iconify i-lucide:chevron-left shrink-0 size-5" aria-hidden="true"></span>
                <!--v-if-->
                <!--v-if-->
              </button><button type="button" data-type="page" aria-label="Page 1" aria-current="page" data-selected="true" class="rounded-md font-medium inline-flex items-center disabled:cursor-not-allowed aria-disabled:cursor-not-allowed disabled:opacity-75 aria-disabled:opacity-75 transition-colors text-sm gap-1.5 text-inverted bg-primary hover:bg-primary/75 active:bg-primary/75 disabled:bg-primary aria-disabled:bg-primary focus-visible:outline-2 focus-visible:outline-offset-2 focus-visible:outline-primary p-1.5" value="1">
                <!--v-if--><span class="truncate min-w-5 text-center">1</span>
                <!--v-if-->
              </button><button type="button" disabled="" aria-label="Next Page" class="rounded-md font-medium inline-flex items-center disabled:cursor-not-allowed aria-disabled:cursor-not-allowed disabled:opacity-75 aria-disabled:opacity-75 transition-colors text-sm gap-1.5 ring ring-inset ring-accented text-default bg-default hover:bg-elevated active:bg-elevated disabled:bg-default aria-disabled:bg-default focus:outline-none focus-visible:ring-2 focus-visible:ring-inverted p-1.5"><span class="iconify i-lucide:chevron-right shrink-0 size-5" aria-hidden="true"></span>
                <!--v-if-->
                <!--v-if-->
              </button><button type="button" disabled="" aria-label="Last Page" class="rounded-md font-medium inline-flex items-center disabled:cursor-not-allowed aria-disabled:cursor-not-allowed disabled:opacity-75 aria-disabled:opacity-75 transition-colors text-sm gap-1.5 ring ring-inset ring-accented text-default bg-default hover:bg-elevated active:bg-elevated disabled:bg-default aria-disabled:bg-default focus:outline-none focus-visible:ring-2 focus-visible:ring-inverted p-1.5"><span class="iconify i-lucide:chevrons-right shrink-0 size-5" aria-hidden="true"></span>
                <!--v-if-->
                <!--v-if-->
              </button></div>
          </nav>
        </div>
      </div>
      <div>
        <!--v-if-->
        <!--teleport start-->
        <!--teleport end-->
      </div>
    </section>
  </main>
</div>
<!--teleport start-->
<!--teleport end-->"
`;

exports[`DefaultLayout > should match snapshot 1`] = `
"<div class="flex flex-col min-h-screen">
  <header class="flex justify-between items-center px-4 md:px-8 lg:px-28 py-4"><a href="/" class="rounded-md font-medium inline-flex items-center disabled:cursor-not-allowed aria-disabled:cursor-not-allowed disabled:opacity-75 aria-disabled:opacity-75 transition-colors text-sm gap-1.5 text-default hover:bg-elevated active:bg-elevated focus:outline-none focus-visible:bg-elevated hover:disabled:bg-transparent dark:hover:disabled:bg-transparent hover:aria-disabled:bg-transparent dark:hover:aria-disabled:bg-transparent p-1.5 cursor-pointer">
      <!--v-if--><img width="40" height="40" alt="Lystra logo" data-nuxt-img="" srcset="/_ipx/b_transparent&amp;fit_contain&amp;s_40x40/lystra-logo-light.svg 1x, /_ipx/b_transparent&amp;fit_contain&amp;s_80x80/lystra-logo-light.svg 2x" data-testid="logo" src="/_ipx/b_transparent&amp;fit_contain&amp;s_40x40/lystra-logo-light.svg">
      <h1 class="text-gray-900 dark:text-white text-lg font-bold">Lystra</h1>
      <!--v-if-->
    </a>
    <div class="flex items-center gap-1.5"><button type="button" aria-label="Switch to dark mode" data-testid="color-mode-toggle" class="rounded-md font-medium inline-flex items-center disabled:cursor-not-allowed aria-disabled:cursor-not-allowed disabled:opacity-75 aria-disabled:opacity-75 transition-colors text-sm gap-1.5 text-default hover:bg-elevated active:bg-elevated focus:outline-none focus-visible:bg-elevated hover:disabled:bg-transparent dark:hover:disabled:bg-transparent hover:aria-disabled:bg-transparent dark:hover:aria-disabled:bg-transparent p-1.5 cursor-pointer"><span class="iconify i-lucide:sun shrink-0 size-5" aria-hidden="true"></span>
        <!--v-if-->
        <!--v-if-->
      </button>
      <signed-out-stub></signed-out-stub>
      <signed-in-stub></signed-in-stub>
    </div>
  </header>
  <main class="flex-1"></main>
</div>"
`;

exports[`Header > should match snapshot 1`] = `
"<header class="flex justify-between items-center px-4 md:px-8 lg:px-28 py-4"><a href="/" class="rounded-md font-medium inline-flex items-center disabled:cursor-not-allowed aria-disabled:cursor-not-allowed disabled:opacity-75 aria-disabled:opacity-75 transition-colors text-sm gap-1.5 text-default hover:bg-elevated active:bg-elevated focus:outline-none focus-visible:bg-elevated hover:disabled:bg-transparent dark:hover:disabled:bg-transparent hover:aria-disabled:bg-transparent dark:hover:aria-disabled:bg-transparent p-1.5 cursor-pointer">
    <!--v-if--><img width="40" height="40" alt="Lystra logo" data-nuxt-img="" srcset="/_ipx/b_transparent&amp;fit_contain&amp;s_40x40/lystra-logo-light.svg 1x, /_ipx/b_transparent&amp;fit_contain&amp;s_80x80/lystra-logo-light.svg 2x" data-testid="logo" src="/_ipx/b_transparent&amp;fit_contain&amp;s_40x40/lystra-logo-light.svg">
    <h1 class="text-gray-900 dark:text-white text-lg font-bold">Lystra</h1>
    <!--v-if-->
  </a>
  <div class="flex items-center gap-1.5"><button type="button" aria-label="Switch to dark mode" data-testid="color-mode-toggle" class="rounded-md font-medium inline-flex items-center disabled:cursor-not-allowed aria-disabled:cursor-not-allowed disabled:opacity-75 aria-disabled:opacity-75 transition-colors text-sm gap-1.5 text-default hover:bg-elevated active:bg-elevated focus:outline-none focus-visible:bg-elevated hover:disabled:bg-transparent dark:hover:disabled:bg-transparent hover:aria-disabled:bg-transparent dark:hover:aria-disabled:bg-transparent p-1.5 cursor-pointer"><span class="iconify i-lucide:sun shrink-0 size-5" aria-hidden="true"></span>
      <!--v-if-->
      <!--v-if-->
    </button>
    <signed-out-stub></signed-out-stub>
    <signed-in-stub></signed-in-stub>
  </div>
</header>"
`;
