// Vitest Snapshot v1, https://vitest.dev/guide/snapshot.html

exports[`App > should match snapshot 1`] = `
"<div class="flex flex-col min-h-screen">
  <div class="flex justify-between items-center px-4 md:px-8 lg:px-28 py-4"><a href="/" class="rounded-md font-medium inline-flex items-center disabled:cursor-not-allowed aria-disabled:cursor-not-allowed disabled:opacity-75 aria-disabled:opacity-75 transition-colors text-sm gap-1.5 text-default hover:bg-elevated active:bg-elevated focus:outline-none focus-visible:bg-elevated hover:disabled:bg-transparent dark:hover:disabled:bg-transparent hover:aria-disabled:bg-transparent dark:hover:aria-disabled:bg-transparent p-1.5 cursor-pointer">
      <!--v-if--><img width="40" height="40" alt="Lystra logo" data-nuxt-img="" srcset="/_ipx/b_transparent&amp;fit_contain&amp;s_40x40/lystra-logo-light.svg 1x, /_ipx/b_transparent&amp;fit_contain&amp;s_80x80/lystra-logo-light.svg 2x" data-testid="logo" src="/_ipx/b_transparent&amp;fit_contain&amp;s_40x40/lystra-logo-light.svg">
      <h1 class="text-gray-900 dark:text-white text-lg font-bold">Lystra</h1>
      <!--v-if-->
    </a>
    <div class="flex items-center gap-1.5"><button type="button" aria-label="Switch to dark mode" data-testid="color-mode-toggle" class="rounded-md font-medium inline-flex items-center disabled:cursor-not-allowed aria-disabled:cursor-not-allowed disabled:opacity-75 aria-disabled:opacity-75 transition-colors text-sm gap-1.5 text-default hover:bg-elevated active:bg-elevated focus:outline-none focus-visible:bg-elevated hover:disabled:bg-transparent dark:hover:disabled:bg-transparent hover:aria-disabled:bg-transparent dark:hover:aria-disabled:bg-transparent p-1.5 cursor-pointer"><span class="iconify i-lucide:sun shrink-0 size-5" aria-hidden="true"></span>
        <!--v-if-->
        <!--v-if-->
      </button>
      <signed-out-stub></signed-out-stub>
      <signed-in-stub></signed-in-stub>
    </div>
  </div>
  <div></div>
</div>
<!--teleport start-->
<!--teleport end-->"
`;

exports[`DefaultLayout > should match snapshot 1`] = `
"<div class="flex flex-col min-h-screen">
  <div class="flex justify-between items-center px-4 md:px-8 lg:px-28 py-4"><a href="/" class="rounded-md font-medium inline-flex items-center disabled:cursor-not-allowed aria-disabled:cursor-not-allowed disabled:opacity-75 aria-disabled:opacity-75 transition-colors text-sm gap-1.5 text-default hover:bg-elevated active:bg-elevated focus:outline-none focus-visible:bg-elevated hover:disabled:bg-transparent dark:hover:disabled:bg-transparent hover:aria-disabled:bg-transparent dark:hover:aria-disabled:bg-transparent p-1.5 cursor-pointer">
      <!--v-if--><img width="40" height="40" alt="Lystra logo" data-nuxt-img="" srcset="/_ipx/b_transparent&amp;fit_contain&amp;s_40x40/lystra-logo-light.svg 1x, /_ipx/b_transparent&amp;fit_contain&amp;s_80x80/lystra-logo-light.svg 2x" data-testid="logo" src="/_ipx/b_transparent&amp;fit_contain&amp;s_40x40/lystra-logo-light.svg">
      <h1 class="text-gray-900 dark:text-white text-lg font-bold">Lystra</h1>
      <!--v-if-->
    </a>
    <div class="flex items-center gap-1.5"><button type="button" aria-label="Switch to dark mode" data-testid="color-mode-toggle" class="rounded-md font-medium inline-flex items-center disabled:cursor-not-allowed aria-disabled:cursor-not-allowed disabled:opacity-75 aria-disabled:opacity-75 transition-colors text-sm gap-1.5 text-default hover:bg-elevated active:bg-elevated focus:outline-none focus-visible:bg-elevated hover:disabled:bg-transparent dark:hover:disabled:bg-transparent hover:aria-disabled:bg-transparent dark:hover:aria-disabled:bg-transparent p-1.5 cursor-pointer"><span class="iconify i-lucide:sun shrink-0 size-5" aria-hidden="true"></span>
        <!--v-if-->
        <!--v-if-->
      </button>
      <signed-out-stub></signed-out-stub>
      <signed-in-stub></signed-in-stub>
    </div>
  </div>
</div>"
`;

exports[`Header > should match snapshot 1`] = `
"<div class="flex justify-between items-center px-4 md:px-8 lg:px-28 py-4"><a href="/" class="rounded-md font-medium inline-flex items-center disabled:cursor-not-allowed aria-disabled:cursor-not-allowed disabled:opacity-75 aria-disabled:opacity-75 transition-colors text-sm gap-1.5 text-default hover:bg-elevated active:bg-elevated focus:outline-none focus-visible:bg-elevated hover:disabled:bg-transparent dark:hover:disabled:bg-transparent hover:aria-disabled:bg-transparent dark:hover:aria-disabled:bg-transparent p-1.5 cursor-pointer">
    <!--v-if--><img width="40" height="40" alt="Lystra logo" data-nuxt-img="" srcset="/_ipx/b_transparent&amp;fit_contain&amp;s_40x40/lystra-logo-light.svg 1x, /_ipx/b_transparent&amp;fit_contain&amp;s_80x80/lystra-logo-light.svg 2x" data-testid="logo" src="/_ipx/b_transparent&amp;fit_contain&amp;s_40x40/lystra-logo-light.svg">
    <h1 class="text-gray-900 dark:text-white text-lg font-bold">Lystra</h1>
    <!--v-if-->
  </a>
  <div class="flex items-center gap-1.5"><button type="button" aria-label="Switch to dark mode" data-testid="color-mode-toggle" class="rounded-md font-medium inline-flex items-center disabled:cursor-not-allowed aria-disabled:cursor-not-allowed disabled:opacity-75 aria-disabled:opacity-75 transition-colors text-sm gap-1.5 text-default hover:bg-elevated active:bg-elevated focus:outline-none focus-visible:bg-elevated hover:disabled:bg-transparent dark:hover:disabled:bg-transparent hover:aria-disabled:bg-transparent dark:hover:aria-disabled:bg-transparent p-1.5 cursor-pointer"><span class="iconify i-lucide:sun shrink-0 size-5" aria-hidden="true"></span>
      <!--v-if-->
      <!--v-if-->
    </button>
    <signed-out-stub></signed-out-stub>
    <signed-in-stub></signed-in-stub>
  </div>
</div>"
`;
